<html>
<body>
<pre>
<h1>µVision Build Log</h1>
<h2>Tool Versions:</h2>
IDE-Version: µVision V5.32.0.0
Copyright (C) 2020 ARM Ltd and ARM Germany GmbH. All rights reserved.
License Information: Binod Singha, HP Inc., LIC=----
 
Tool Versions:
Toolchain:       MDK-Lite  Version: 5.32.0.0
Toolchain Path:  C:\Keil_v5\ARM\ARMCC\Bin
C Compiler:      Armcc.exe V5.06 update 7 (build 960)
Assembler:       Armasm.exe V5.06 update 7 (build 960)
Linker/Locator:  ArmLink.exe V5.06 update 7 (build 960)
Library Manager: ArmAr.exe V5.06 update 7 (build 960)
Hex Converter:   FromElf.exe V5.06 update 7 (build 960)
CPU DLL:         SARMCM3.DLL V5.32.0.0
Dialog DLL:      DCM.DLL V1.17.3.0
Target DLL:      STLink\ST-LINKIII-KEIL_SWO.dll V3.0.8.0
Dialog DLL:      TCM.DLL V1.46.0.0
 
<h2>Project:</h2>
C:\Users\HP\Desktop\BINOD\DOCUMENTS\EMBEDDED SYSTEMS\Custom Bootloader Development\Custom Bootloader Project\Custom Bootloader Project\MDK-ARM\Custom Bootloader Project.uvprojx
Project File Date:  10/28/2020

<h2>Output:</h2>
*** Using Compiler 'V5.06 update 7 (build 960)', folder: 'C:\Keil_v5\ARM\ARMCC\Bin'
Build target 'Custom Bootloader Project'
compiling main.c...
../Src/main.c(188): warning:  #513-D: a value of type "void *" cannot be assigned to an entity of type "void (*)(void)"
  	app_reset_handler = (void*)reset_handler_address;
../Src/main.c(353): warning:  #144-D: a value of type "void *" cannot be used to initialize an entity of type "void (*)(void)"
        void (*lets_jump)(void) = (void *)go_address;
../Src/main.c(390): warning:  #188-D: enumerated type mixed with another type
      HAL_GPIO_WritePin(LD2_GPIO_Port, LD2_Pin, 1);
../Src/main.c(392): warning:  #188-D: enumerated type mixed with another type
      HAL_GPIO_WritePin(LD2_GPIO_Port, LD2_Pin, 0);
../Src/main.c(694): warning:  #61-D: integer operation result is out of range
  		*pOPTCR &= ~(1 << 31);
../Src/main.c(721): warning:  #61-D: integer operation result is out of range
  		*pOPTCR &= ~(1 << 31);
../Src/main.c(741): warning:  #61-D: integer operation result is out of range
  		*pOPTCR |=  ((uint8_t)1 << 31);
../Src/main.c(741): warning:  #68-D: integer conversion resulted in a change of sign
  		*pOPTCR |=  ((uint8_t)1 << 31);
../Src/main.c: 8 warnings, 0 errors
linking...
Program Size: Code=11516 RO-data=576 RW-data=32 ZI-data=1384  
FromELF: creating hex file...
"Custom Bootloader Project\Custom Bootloader Project.axf" - 0 Error(s), 8 Warning(s).

<h2>Software Packages used:</h2>

Package Vendor: ARM
                http://www.keil.com/pack/ARM.CMSIS.5.7.0.pack
                ARM.CMSIS.5.7.0
                CMSIS (Cortex Microcontroller Software Interface Standard)
   * Component: CORE Version: 5.4.0

Package Vendor: Keil
                http://www.keil.com/pack/Keil.STM32F4xx_DFP.2.15.0.pack
                Keil.STM32F4xx_DFP.2.15.0
                STMicroelectronics STM32F4 Series Device Support, Drivers and Examples

<h2>Collection of Component include folders:</h2>
  .\RTE\_Custom_Bootloader_Project
  C:\Users\HP\AppData\Local\Arm\Packs\ARM\CMSIS\5.7.0\CMSIS\Core\Include
  C:\Users\HP\AppData\Local\Arm\Packs\Keil\STM32F4xx_DFP\2.15.0\Drivers\CMSIS\Device\ST\STM32F4xx\Include

<h2>Collection of Component Files used:</h2>

   * Component: ARM::CMSIS:CORE:5.4.0
Build Time Elapsed:  00:00:06
</pre>
</body>
</html>
